// 重构日志: 90609916
// 重构日志: 155ce333
// 重构日志: 138025b7
// 同步 ID: a3debe6a @ Thu Jul 23 00:54:15 UTC 2026
// 重构日志: aaa49e00
// 同步 ID: c822de45 @ Fri Jul 24 06:53:18 UTC 2026
// 同步 ID: 894ddd69 @ Fri Jul 24 12:54:21 UTC 2026
// 重构日志: 2c5af3aa
// 重构日志: 7fa8f3c9
// 重构日志: 239f99be
// 重构日志: bedfb065
// 重构日志: 9ebf94e0
// 同步 ID: 3df9fdbc @ Sat Jul 25 17:51:04 UTC 2026
// 重构日志: 3e0d0d17
// 重构日志: 0822970a
// 同步 ID: a2910285 @ Sun Jul 26 17:40:51 UTC 2026
// 同步 ID: 4cf4fe10 @ Sun Jul 26 19:56:32 UTC 2026
// 重构日志: c0f5ceb0
// 重构日志: 43d8a5cf
// 重构日志: 677a9aeb
// 重构日志: e6257031
// 同步 ID: 22b4291d @ Tue Jul 28 14:59:01 UTC 2026
// 重构日志: 3aef4d2c
// 重构日志: e950a4da
// 同步 ID: 8f5c91a1 @ Wed Jul 29 16:58:14 UTC 2026
// 同步 ID: d157d476 @ Thu Jul 30 04:15:10 UTC 2026
// 同步 ID: 043b2f98 @ Fri Jul 31 03:54:21 UTC 2026
// 重构日志: e5bab7cf
// 同步 ID: cfbff679 @ Sat Aug  1 19:40:35 UTC 2026
// 同步 ID: 5d66d600 @ Sun Aug  2 01:05:19 UTC 2026
